Title                            Size ^       S/L Trust     Age Source          
sample.txt                         12 B       1/0            1y example.org     
a research dataset release,...  18.2 GB      56/3            5d example.org     
示例种子🎬.iso                  4.70 GB     128/4 TR         2d research-repo   
debian-13.0.0-amd64-netinst...   702 MB   3421/12 VIP        3h archive-src     